/Users/vivekvishnoi/AML/regime-adaptive-transformer/models/ramt/dataset.py:95: RuntimeWarning: Tradable universe is a static local snapshot (for this repo, typically the 2026 NIFTY 200 list). Historical index membership is not reconstructed, but the universe is held fixed across all training dates so the model does not learn add/delete events such as a 2024 removal during 2015 training.
  TICKER_LIST = build_ticker_universe() or ["TCS_NS"]
Training Chronos LoRA model for 2012-2015 blind backtest
Training period: up to 2011-12-31
Test period: 2012-01-01 to 2015-12-31
Loading features from /Users/vivekvishnoi/AML/regime-adaptive-transformer/data/processed_blind_20111231
Loaded 48 tickers
Training samples: 10176
Test samples: 0
Training model...
Epoch 1/3: Loss = 0.002514
Epoch 2/3: Loss = 0.002508
Traceback (most recent call last):
  File "/Users/vivekvishnoi/AML/regime-adaptive-transformer/models/lora_experiment/train_chronos_lora_2012.py", line 303, in <module>
    main()
    ~~~~^^
  File "/Users/vivekvishnoi/AML/regime-adaptive-transformer/models/lora_experiment/train_chronos_lora_2012.py", line 259, in main
    training_history = train_model(model, train_loader, epochs=EPOCHS)
  File "/Users/vivekvishnoi/AML/regime-adaptive-transformer/models/lora_experiment/train_chronos_lora_2012.py", line 157, in train_model
    outputs = model(batch_features)
  File "/Users/vivekvishnoi/AML/regime-adaptive-transformer/.venv/lib/python3.14/site-packages/torch/nn/modules/module.py", line 1779, in _wrapped_call_impl
    return self._call_impl(*args, **kwargs)
           ~~~~~~~~~~~~~~~^^^^^^^^^^^^^^^^^
  File "/Users/vivekvishnoi/AML/regime-adaptive-transformer/.venv/lib/python3.14/site-packages/torch/nn/modules/module.py", line 1790, in _call_impl
    return forward_call(*args, **kwargs)
  File "/Users/vivekvishnoi/AML/regime-adaptive-transformer/models/lora_experiment/chronos_lora.py", line 57, in forward
    outputs = self.encoder(inputs_embeds=inputs_embeds, attention_mask=attention_mask)
  File "/Users/vivekvishnoi/AML/regime-adaptive-transformer/.venv/lib/python3.14/site-packages/torch/nn/modules/module.py", line 1779, in _wrapped_call_impl
    return self._call_impl(*args, **kwargs)
           ~~~~~~~~~~~~~~~^^^^^^^^^^^^^^^^^
  File "/Users/vivekvishnoi/AML/regime-adaptive-transformer/.venv/lib/python3.14/site-packages/torch/nn/modules/module.py", line 1790, in _call_impl
    return forward_call(*args, **kwargs)
  File "/Users/vivekvishnoi/AML/regime-adaptive-transformer/.venv/lib/python3.14/site-packages/peft/peft_model.py", line 3109, in forward
    return self.base_model(
           ~~~~~~~~~~~~~~~^
        input_ids=input_ids,
        ^^^^^^^^^^^^^^^^^^^^
    ...<5 lines>...
        **kwargs,
        ^^^^^^^^^
    )
    ^
  File "/Users/vivekvishnoi/AML/regime-adaptive-transformer/.venv/lib/python3.14/site-packages/torch/nn/modules/module.py", line 1779, in _wrapped_call_impl
    return self._call_impl(*args, **kwargs)
           ~~~~~~~~~~~~~~~^^^^^^^^^^^^^^^^^
  File "/Users/vivekvishnoi/AML/regime-adaptive-transformer/.venv/lib/python3.14/site-packages/torch/nn/modules/module.py", line 1790, in _call_impl
    return forward_call(*args, **kwargs)
  File "/Users/vivekvishnoi/AML/regime-adaptive-transformer/.venv/lib/python3.14/site-packages/peft/tuners/tuners_utils.py", line 330, in forward
    return self.model.forward(*args, **kwargs)
           ~~~~~~~~~~~~~~~~~~^^^^^^^^^^^^^^^^^
  File "/Users/vivekvishnoi/AML/regime-adaptive-transformer/.venv/lib/python3.14/site-packages/transformers/models/t5/modeling_t5.py", line 1932, in forward
    encoder_outputs = self.encoder(
        input_ids=input_ids,
    ...<5 lines>...
        return_dict=return_dict,
    )
  File "/Users/vivekvishnoi/AML/regime-adaptive-transformer/.venv/lib/python3.14/site-packages/torch/nn/modules/module.py", line 1779, in _wrapped_call_impl
    return self._call_impl(*args, **kwargs)
           ~~~~~~~~~~~~~~~^^^^^^^^^^^^^^^^^
  File "/Users/vivekvishnoi/AML/regime-adaptive-transformer/.venv/lib/python3.14/site-packages/torch/nn/modules/module.py", line 1790, in _call_impl
    return forward_call(*args, **kwargs)
  File "/Users/vivekvishnoi/AML/regime-adaptive-transformer/.venv/lib/python3.14/site-packages/transformers/models/t5/modeling_t5.py", line 1100, in forward
    layer_outputs = layer_module(
        hidden_states,
    ...<11 lines>...
        cache_position=cache_position,
    )
  File "/Users/vivekvishnoi/AML/regime-adaptive-transformer/.venv/lib/python3.14/site-packages/transformers/modeling_layers.py", line 94, in __call__
    return super().__call__(*args, **kwargs)
           ~~~~~~~~~~~~~~~~^^^^^^^^^^^^^^^^^
  File "/Users/vivekvishnoi/AML/regime-adaptive-transformer/.venv/lib/python3.14/site-packages/torch/nn/modules/module.py", line 1779, in _wrapped_call_impl
    return self._call_impl(*args, **kwargs)
           ~~~~~~~~~~~~~~~^^^^^^^^^^^^^^^^^
  File "/Users/vivekvishnoi/AML/regime-adaptive-transformer/.venv/lib/python3.14/site-packages/torch/nn/modules/module.py", line 1790, in _call_impl
    return forward_call(*args, **kwargs)
  File "/Users/vivekvishnoi/AML/regime-adaptive-transformer/.venv/lib/python3.14/site-packages/transformers/utils/deprecation.py", line 172, in wrapped_func
    return func(*args, **kwargs)
  File "/Users/vivekvishnoi/AML/regime-adaptive-transformer/.venv/lib/python3.14/site-packages/transformers/models/t5/modeling_t5.py", line 687, in forward
    self_attention_outputs = self.layer[0](
        hidden_states,
    ...<6 lines>...
        cache_position=cache_position,
    )
  File "/Users/vivekvishnoi/AML/regime-adaptive-transformer/.venv/lib/python3.14/site-packages/torch/nn/modules/module.py", line 1779, in _wrapped_call_impl
    return self._call_impl(*args, **kwargs)
           ~~~~~~~~~~~~~~~^^^^^^^^^^^^^^^^^
  File "/Users/vivekvishnoi/AML/regime-adaptive-transformer/.venv/lib/python3.14/site-packages/torch/nn/modules/module.py", line 1790, in _call_impl
    return forward_call(*args, **kwargs)
  File "/Users/vivekvishnoi/AML/regime-adaptive-transformer/.venv/lib/python3.14/site-packages/transformers/utils/deprecation.py", line 172, in wrapped_func
    return func(*args, **kwargs)
  File "/Users/vivekvishnoi/AML/regime-adaptive-transformer/.venv/lib/python3.14/site-packages/transformers/models/t5/modeling_t5.py", line 613, in forward
    hidden_states = hidden_states + self.dropout(attention_output[0])
                                    ~~~~~~~~~~~~^^^^^^^^^^^^^^^^^^^^^
  File "/Users/vivekvishnoi/AML/regime-adaptive-transformer/.venv/lib/python3.14/site-packages/torch/nn/modules/module.py", line 1779, in _wrapped_call_impl
    return self._call_impl(*args, **kwargs)
           ~~~~~~~~~~~~~~~^^^^^^^^^^^^^^^^^
  File "/Users/vivekvishnoi/AML/regime-adaptive-transformer/.venv/lib/python3.14/site-packages/torch/nn/modules/module.py", line 1790, in _call_impl
    return forward_call(*args, **kwargs)
  File "/Users/vivekvishnoi/AML/regime-adaptive-transformer/.venv/lib/python3.14/site-packages/torch/nn/modules/dropout.py", line 73, in forward
    return F.dropout(input, self.p, self.training, self.inplace)
           ~~~~~~~~~^^^^^^^^^^^^^^^^^^^^^^^^^^^^^^^^^^^^^^^^^^^^
  File "/Users/vivekvishnoi/AML/regime-adaptive-transformer/.venv/lib/python3.14/site-packages/torch/nn/functional.py", line 1443, in dropout
    _VF.dropout_(input, p, training) if inplace else _VF.dropout(input, p, training)
                                                     ~~~~~~~~~~~^^^^^^^^^^^^^^^^^^^^
KeyboardInterrupt
